{
  "mode": "budget",
  "result": {
    "events": [
      {
        "messages": [
          {
            "content": "读取 README.md",
            "role": "user"
          }
        ],
        "tools": [
          {
            "description": "Search text in workspace files.",
            "inputSchema": {
              "additionalProperties": false,
              "properties": {
                "needle": {
                  "type": "string"
                }
              },
              "required": [
                "needle"
              ],
              "type": "object"
            },
            "name": "search_files"
          },
          {
            "description": "Read one UTF-8 file in the workspace.",
            "inputSchema": {
              "additionalProperties": false,
              "properties": {
                "path": {
                  "type": "string"
                }
              },
              "required": [
                "path"
              ],
              "type": "object"
            },
            "name": "read_file"
          }
        ],
        "turn": 1,
        "type": "model_requested"
      },
      {
        "message": {
          "content": "",
          "role": "assistant",
          "toolCalls": [
            {
              "arguments": {
                "path": "README.md"
              },
              "id": "call-0",
              "name": "read_file"
            },
            {
              "arguments": {
                "path": "README.md"
              },
              "id": "second",
              "name": "read_file"
            }
          ]
        },
        "text": "",
        "toolCallIds": [
          "call-0",
          "second"
        ],
        "turn": 1,
        "type": "model_received"
      },
      {
        "call": {
          "arguments": {
            "path": "README.md"
          },
          "id": "call-0",
          "name": "read_file"
        },
        "result": {
          "ok": true,
          "output": "marker: ch06\n",
          "toolCallId": "call-0"
        },
        "toolCallId": "call-0",
        "turn": 1,
        "type": "tool_result"
      },
      {
        "action": "tool",
        "callId": "second",
        "reason": "tool_budget_exhausted",
        "turn": 1,
        "type": "action_skipped"
      },
      {
        "reason": "tool_budget_exhausted",
        "state": "failed",
        "type": "stopped"
      }
    ],
    "messages": [
      {
        "content": "读取 README.md",
        "role": "user"
      },
      {
        "content": "",
        "role": "assistant",
        "toolCalls": [
          {
            "arguments": {
              "path": "README.md"
            },
            "id": "call-0",
            "name": "read_file"
          },
          {
            "arguments": {
              "path": "README.md"
            },
            "id": "second",
            "name": "read_file"
          }
        ]
      },
      {
        "content": "marker: ch06\n",
        "role": "tool",
        "toolCallId": "call-0"
      }
    ],
    "reason": "tool_budget_exhausted",
    "state": "failed"
  }
}
