
> @rein/ts@0.0.0 ch06:offline
> node --import tsx examples/ch06-loop.ts cancel

{
  "mode": "cancel",
  "requests": 2,
  "result": {
    "state": "completed",
    "reason": "final_answer",
    "answer": "完成：marker: ch06",
    "messages": [
      {
        "role": "user",
        "content": "读取 README.md"
      },
      {
        "role": "assistant",
        "content": "",
        "toolCalls": [
          {
            "id": "read",
            "name": "read_file",
            "arguments": {
              "path": "README.md"
            }
          }
        ]
      },
      {
        "role": "tool",
        "toolCallId": "read",
        "content": "marker: ch06\n"
      },
      {
        "role": "assistant",
        "content": "完成：marker: ch06",
        "toolCalls": []
      }
    ],
    "events": [
      {
        "type": "model_requested",
        "turn": 1,
        "messages": [
          {
            "role": "user",
            "content": "读取 README.md"
          }
        ],
        "tools": [
          {
            "name": "search_files",
            "description": "Search text in workspace files.",
            "inputSchema": {
              "type": "object",
              "properties": {
                "needle": {
                  "type": "string"
                }
              },
              "required": [
                "needle"
              ],
              "additionalProperties": false
            }
          },
          {
            "name": "read_file",
            "description": "Read one UTF-8 file in the workspace.",
            "inputSchema": {
              "type": "object",
              "properties": {
                "path": {
                  "type": "string"
                }
              },
              "required": [
                "path"
              ],
              "additionalProperties": false
            }
          }
        ]
      },
      {
        "type": "model_received",
        "turn": 1,
        "message": {
          "role": "assistant",
          "content": "",
          "toolCalls": [
            {
              "id": "read",
              "name": "read_file",
              "arguments": {
                "path": "README.md"
              }
            }
          ]
        },
        "toolCallIds": [
          "read"
        ],
        "text": ""
      },
      {
        "type": "tool_result",
        "turn": 1,
        "call": {
          "id": "read",
          "name": "read_file",
          "arguments": {
            "path": "README.md"
          }
        },
        "toolCallId": "read",
        "result": {
          "toolCallId": "read",
          "ok": true,
          "output": "marker: ch06\n"
        }
      },
      {
        "type": "model_requested",
        "turn": 2,
        "messages": [
          {
            "role": "user",
            "content": "读取 README.md"
          },
          {
            "role": "assistant",
            "content": "",
            "toolCalls": [
              {
                "id": "read",
                "name": "read_file",
                "arguments": {
                  "path": "README.md"
                }
              }
            ]
          },
          {
            "role": "tool",
            "toolCallId": "read",
            "content": "marker: ch06\n"
          }
        ],
        "tools": [
          {
            "name": "search_files",
            "description": "Search text in workspace files.",
            "inputSchema": {
              "type": "object",
              "properties": {
                "needle": {
                  "type": "string"
                }
              },
              "required": [
                "needle"
              ],
              "additionalProperties": false
            }
          },
          {
            "name": "read_file",
            "description": "Read one UTF-8 file in the workspace.",
            "inputSchema": {
              "type": "object",
              "properties": {
                "path": {
                  "type": "string"
                }
              },
              "required": [
                "path"
              ],
              "additionalProperties": false
            }
          }
        ]
      },
      {
        "type": "model_received",
        "turn": 2,
        "message": {
          "role": "assistant",
          "content": "完成：marker: ch06",
          "toolCalls": []
        },
        "toolCallIds": [],
        "text": "完成：marker: ch06"
      },
      {
        "type": "stopped",
        "state": "completed",
        "reason": "final_answer"
      }
    ]
  }
}
