{
  "mode": "duplicate",
  "requests": 3,
  "settledRequests": 3,
  "result": {
    "state": "failed",
    "reason": "duplicate_action",
    "messages": [
      {
        "role": "user",
        "content": "读取 README.md 与 guide.md"
      },
      {
        "role": "assistant",
        "content": "",
        "toolCalls": [
          {
            "id": "duplicate-1",
            "name": "read_file",
            "arguments": {
              "path": "README.md"
            }
          }
        ]
      },
      {
        "role": "tool",
        "toolCallId": "duplicate-1",
        "content": "marker: ch06 alpha\n"
      },
      {
        "role": "assistant",
        "content": "",
        "toolCalls": [
          {
            "id": "duplicate-2",
            "name": "read_file",
            "arguments": {
              "path": "README.md"
            }
          }
        ]
      },
      {
        "role": "tool",
        "toolCallId": "duplicate-2",
        "content": "marker: ch06 alpha\n"
      },
      {
        "role": "assistant",
        "content": "",
        "toolCalls": [
          {
            "id": "duplicate-3",
            "name": "read_file",
            "arguments": {
              "path": "README.md"
            }
          }
        ]
      }
    ],
    "events": [
      {
        "type": "model_requested",
        "turn": 1,
        "messages": [
          {
            "role": "user",
            "content": "读取 README.md 与 guide.md"
          }
        ],
        "tools": [
          {
            "name": "search_files",
            "description": "Search text in workspace files.",
            "inputSchema": {
              "type": "object",
              "properties": {
                "needle": {
                  "type": "string"
                }
              },
              "required": [
                "needle"
              ],
              "additionalProperties": false
            }
          },
          {
            "name": "read_file",
            "description": "Read one UTF-8 file in the workspace.",
            "inputSchema": {
              "type": "object",
              "properties": {
                "path": {
                  "type": "string"
                }
              },
              "required": [
                "path"
              ],
              "additionalProperties": false
            }
          }
        ]
      },
      {
        "type": "model_received",
        "turn": 1,
        "message": {
          "role": "assistant",
          "content": "",
          "toolCalls": [
            {
              "id": "duplicate-1",
              "name": "read_file",
              "arguments": {
                "path": "README.md"
              }
            }
          ]
        },
        "toolCallIds": [
          "duplicate-1"
        ],
        "text": ""
      },
      {
        "type": "tool_result",
        "turn": 1,
        "call": {
          "id": "duplicate-1",
          "name": "read_file",
          "arguments": {
            "path": "README.md"
          }
        },
        "toolCallId": "duplicate-1",
        "result": {
          "toolCallId": "duplicate-1",
          "ok": true,
          "output": "marker: ch06 alpha\n"
        }
      },
      {
        "type": "model_requested",
        "turn": 2,
        "messages": [
          {
            "role": "user",
            "content": "读取 README.md 与 guide.md"
          },
          {
            "role": "assistant",
            "content": "",
            "toolCalls": [
              {
                "id": "duplicate-1",
                "name": "read_file",
                "arguments": {
                  "path": "README.md"
                }
              }
            ]
          },
          {
            "role": "tool",
            "toolCallId": "duplicate-1",
            "content": "marker: ch06 alpha\n"
          }
        ],
        "tools": [
          {
            "name": "search_files",
            "description": "Search text in workspace files.",
            "inputSchema": {
              "type": "object",
              "properties": {
                "needle": {
                  "type": "string"
                }
              },
              "required": [
                "needle"
              ],
              "additionalProperties": false
            }
          },
          {
            "name": "read_file",
            "description": "Read one UTF-8 file in the workspace.",
            "inputSchema": {
              "type": "object",
              "properties": {
                "path": {
                  "type": "string"
                }
              },
              "required": [
                "path"
              ],
              "additionalProperties": false
            }
          }
        ]
      },
      {
        "type": "model_received",
        "turn": 2,
        "message": {
          "role": "assistant",
          "content": "",
          "toolCalls": [
            {
              "id": "duplicate-2",
              "name": "read_file",
              "arguments": {
                "path": "README.md"
              }
            }
          ]
        },
        "toolCallIds": [
          "duplicate-2"
        ],
        "text": ""
      },
      {
        "type": "tool_result",
        "turn": 2,
        "call": {
          "id": "duplicate-2",
          "name": "read_file",
          "arguments": {
            "path": "README.md"
          }
        },
        "toolCallId": "duplicate-2",
        "result": {
          "toolCallId": "duplicate-2",
          "ok": true,
          "output": "marker: ch06 alpha\n"
        }
      },
      {
        "type": "model_requested",
        "turn": 3,
        "messages": [
          {
            "role": "user",
            "content": "读取 README.md 与 guide.md"
          },
          {
            "role": "assistant",
            "content": "",
            "toolCalls": [
              {
                "id": "duplicate-1",
                "name": "read_file",
                "arguments": {
                  "path": "README.md"
                }
              }
            ]
          },
          {
            "role": "tool",
            "toolCallId": "duplicate-1",
            "content": "marker: ch06 alpha\n"
          },
          {
            "role": "assistant",
            "content": "",
            "toolCalls": [
              {
                "id": "duplicate-2",
                "name": "read_file",
                "arguments": {
                  "path": "README.md"
                }
              }
            ]
          },
          {
            "role": "tool",
            "toolCallId": "duplicate-2",
            "content": "marker: ch06 alpha\n"
          }
        ],
        "tools": [
          {
            "name": "search_files",
            "description": "Search text in workspace files.",
            "inputSchema": {
              "type": "object",
              "properties": {
                "needle": {
                  "type": "string"
                }
              },
              "required": [
                "needle"
              ],
              "additionalProperties": false
            }
          },
          {
            "name": "read_file",
            "description": "Read one UTF-8 file in the workspace.",
            "inputSchema": {
              "type": "object",
              "properties": {
                "path": {
                  "type": "string"
                }
              },
              "required": [
                "path"
              ],
              "additionalProperties": false
            }
          }
        ]
      },
      {
        "type": "model_received",
        "turn": 3,
        "message": {
          "role": "assistant",
          "content": "",
          "toolCalls": [
            {
              "id": "duplicate-3",
              "name": "read_file",
              "arguments": {
                "path": "README.md"
              }
            }
          ]
        },
        "toolCallIds": [
          "duplicate-3"
        ],
        "text": ""
      },
      {
        "type": "action_skipped",
        "turn": 3,
        "action": "tool",
        "callId": "duplicate-3",
        "reason": "duplicate_action"
      },
      {
        "type": "stopped",
        "state": "failed",
        "reason": "duplicate_action"
      }
    ]
  }
}
