2026-09-15T00:14:04+08:00
/private/tmp/rein-hybrid-work-20260914
argv=node scripts/check-book-links.mjs
{
  "checked": 2179,
  "failures": [
    "docs/.vitepress/dist/about.html -> #阅读指南 (missing fragment #阅读指南)",
    "docs/.vitepress/dist/about.html -> #start (missing fragment #start)",
    "docs/.vitepress/dist/about.html -> #languages (missing fragment #languages)",
    "docs/.vitepress/dist/about.html -> #code (missing fragment #code)",
    "docs/.vitepress/dist/about.html -> #evidence (missing fragment #evidence)",
    "docs/.vitepress/dist/about.html -> #access (missing fragment #access)",
    "docs/.vitepress/dist/access.html -> #内容开放说明 (missing fragment #内容开放说明)",
    "docs/.vitepress/dist/access.html -> #当前标记 (missing fragment #当前标记)",
    "docs/.vitepress/dist/appendices/a1.html -> #VPContent (missing target)",
    "docs/.vitepress/dist/appendices/a1.html -> #a-1-行为约定与实现边界 (missing target)",
    "docs/.vitepress/dist/appendices/a2.html -> #VPContent (missing target)",
    "docs/.vitepress/dist/appendices/a2.html -> #a-2-用枚举与类型表达运行状态 (missing target)",
    "docs/.vitepress/dist/appendices/a2.html -> #typescript-以-type-判别事件 (missing target)",
    "docs/.vitepress/dist/appendices/a2.html -> #rust-枚举携带状态和数据 (missing target)",
    "docs/.vitepress/dist/appendices/a2.html -> #同一个-json-不同的边界 (missing target)",
    "docs/.vitepress/dist/appendices/a2.html -> #跟做-把状态和事件一起读 (missing target)",
    "docs/.vitepress/dist/appendices/a2.html -> #穷举状态-而不是猜字段 (missing target)",
    "docs/.vitepress/dist/appendices/a3.html -> #VPContent (missing target)",
    "docs/.vitepress/dist/appendices/a3.html -> #a-3-进程、资源与取消 (missing target)",
    "docs/.vitepress/dist/appendices/a4.html -> #VPContent (missing target)",
    "docs/.vitepress/dist/appendices/a4.html -> #a-4-事件持久化与崩溃恢复 (missing target)",
    "docs/.vitepress/dist/appendices/a5.html -> #VPContent (missing target)",
    "docs/.vitepress/dist/appendices/a5.html -> #a-5-并发任务的所有权与结果汇总 (missing target)",
    "docs/.vitepress/dist/chapters/00.html -> #VPContent (missing target)",
    "docs/.vitepress/dist/chapters/00.html -> #_00-绪论-一次完整的任务 (missing target)",
    "docs/.vitepress/dist/chapters/01-rust.html -> #VPContent (missing target)",
    "docs/.vitepress/dist/chapters/01-rust.html -> #helloworld——从模型调用开始 (missing target)",
    "docs/.vitepress/dist/chapters/01-ts-advanced.html -> #VPContent (missing target)",
    "docs/.vitepress/dist/chapters/01-ts-advanced.html -> #typescript-进阶-手写客户端、录制与回放 (missing target)",
    "docs/.vitepress/dist/chapters/01-ts-advanced.html -> #from-reading-0 (missing target)",
    "docs/.vitepress/dist/chapters/01-ts-advanced.html -> #first-run (missing target)",
    "docs/.vitepress/dist/chapters/01-ts-advanced.html -> #确认环境-先完成一次离线检查 (missing target)",
    "docs/.vitepress/dist/chapters/01-ts-advanced.html -> #request-response (missing target)",
    "docs/.vitepress/dist/chapters/01-ts-advanced.html -> #implementation (missing target)",
    "docs/.vitepress/dist/chapters/01-ts-advanced.html -> #live-call (missing target)",
    "docs/.vitepress/dist/chapters/01-ts-advanced.html -> #request-response (missing target)",
    "docs/.vitepress/dist/chapters/01-ts-advanced.html -> #implementation (missing target)",
    "docs/.vitepress/dist/chapters/01-ts-advanced.html -> #配置-尽早指出哪里没填好 (missing target)",
    "docs/.vitepress/dist/chapters/01-ts-advanced.html -> #调用-先写清楚一种协议 (missing target)",
    "docs/.vitepress/dist/chapters/01-ts-advanced.html -> #解析-http-成功之后还要检查什么 (missing target)",
    "docs/.vitepress/dist/chapters/01-ts-advanced.html -> #failures (missing target)",
    "docs/.vitepress/dist/chapters/01-ts-advanced.html -> #transport (missing target)",
    "docs/.vitepress/dist/chapters/01-ts-advanced.html -> #verification (missing target)",
    "docs/.vitepress/dist/chapters/01-ts-advanced.html -> #先使用已有样本 (missing target)",
    "docs/.vitepress/dist/chapters/01-ts-advanced.html -> #recording (missing target)",
    "docs/.vitepress/dist/chapters/01-ts-advanced.html -> #exercises (missing target)",
    "docs/.vitepress/dist/chapters/01-ts-advanced.html -> #exercise-01 (missing target)",
    "docs/.vitepress/dist/chapters/01-ts-advanced.html -> #exercise-02 (missing target)",
    "docs/.vitepress/dist/chapters/01-ts-advanced.html -> #exercise-03 (missing target)",
    "docs/.vitepress/dist/chapters/01-ts-advanced.html -> #exercise-04 (missing target)",
    "docs/.vitepress/dist/chapters/01-ts-advanced.html -> #live-call (missing target)",
    "docs/.vitepress/dist/chapters/01-ts-advanced.html -> #recording (missing target)",
    "docs/.vitepress/dist/chapters/01-ts-advanced.html -> #comparison (missing target)",
    "docs/.vitepress/dist/chapters/01-ts-advanced.html -> #next (missing target)",
    "docs/.vitepress/dist/chapters/01-ts.html -> #VPContent (missing target)",
    "docs/.vitepress/dist/chapters/01-ts.html -> #第-01-章-typescript-正文入口已迁移 (missing target)",
    "docs/.vitepress/dist/chapters/01.html -> #VPContent (missing target)",
    "docs/.vitepress/dist/chapters/01.html -> #_01-helloworld——从模型调用开始 (missing target)",
    "docs/.vitepress/dist/chapters/02.html -> #VPContent (missing target)",
    "docs/.vitepress/dist/chapters/02.html -> #_02-写一份合格的提示词 (missing target)",
    "docs/.vitepress/dist/chapters/03.html -> #VPContent (missing target)",
    "docs/.vitepress/dist/chapters/03.html -> #_03-工具调用——harness-的骨架 (missing target)",
    "docs/.vitepress/dist/chapters/03.html -> #_1、准备待读取文件 (missing target)",
    "docs/.vitepress/dist/chapters/03.html -> #_2、工具约定 (missing target)",
    "docs/.vitepress/dist/chapters/03.html -> #_3、把工具声明发给模型 (missing target)",
    "docs/.vitepress/dist/chapters/03.html -> #_4、由-harness-在本地读取文件 (missing target)",
    "docs/.vitepress/dist/chapters/03.html -> #_5、执行请求并回传结果 (missing target)",
    "docs/.vitepress/dist/chapters/03.html -> #_6、运行一次完整的问候任务 (missing target)",
    "docs/.vitepress/dist/chapters/03.html -> #_7、文件读取失败时保留真实结果 (missing target)",
    "docs/.vitepress/dist/chapters/04.html -> #VPContent (missing target)",
    "docs/.vitepress/dist/chapters/04.html -> #_04-统一协议——隔离模型服务商差异 (missing target)",
    "docs/.vitepress/dist/chapters/04.html -> #_1、先把两份工具请求放到一起 (missing target)",
    "docs/.vitepress/dist/chapters/04.html -> #_2、定义我们接下来真正需要的数据 (missing target)",
    "docs/.vitepress/dist/chapters/04.html -> #_3、在适配器入口检查外部数据 (missing target)",
    "docs/.vitepress/dist/chapters/04.html -> #_4、结果回传也需要经过适配器 (missing target)",
    "docs/.vitepress/dist/chapters/04.html -> #_5、用同一组输入检查转换是否一致 (missing target)",
    "docs/.vitepress/dist/chapters/04.html -> #_6、让两种语言遵守同一份约定 (missing target)",
    "docs/.vitepress/dist/chapters/05-rust.html -> #VPContent (missing target)",
    "docs/.vitepress/dist/chapters/05-rust.html -> #_05-rust-用-result-把工具结果送回模型 (missing target)",
    "docs/.vitepress/dist/chapters/05-rust.html -> #运行准备 (missing target)",
    "docs/.vitepress/dist/chapters/05-rust.html -> #rust-如何承载循环 (missing target)",
    "docs/.vitepress/dist/chapters/05-rust.html -> #失败实验、live-与练习 (missing target)",
    "docs/.vitepress/dist/chapters/05.html -> #VPContent (missing target)",
    "docs/.vitepress/dist/chapters/05.html -> #_05-让工具结果推动下一轮 (missing target)",
    "docs/.vitepress/dist/chapters/05.html -> #先做离线实验 (missing target)",
    "docs/.vitepress/dist/chapters/05.html -> #接口与状态 (missing target)",
    "docs/.vitepress/dist/chapters/05.html -> #失败实验与-live (missing target)",
    "docs/.vitepress/dist/chapters/05.html -> #练习 (missing target)",
    "docs/.vitepress/dist/chapters/06-plugin.html -> #VPContent (missing target)",
    "docs/.vitepress/dist/chapters/06-plugin.html -> #_06-plugin-让-rust-core-把一次读取交给-node (missing target)",
    "docs/.vitepress/dist/chapters/06-plugin.html -> #先确认两个进程如何相遇 (missing target)",
    "docs/.vitepress/dist/chapters/06-plugin.html -> #看懂一次-invoke (missing target)",
    "docs/.vitepress/dist/chapters/06-plugin.html -> #消息、id-与规则绑定 (missing target)",
    "docs/.vitepress/dist/chapters/06-plugin.html -> #五种失败都要留下可解释结果 (missing target)",
    "docs/.vitepress/dist/chapters/06-plugin.html -> #受信任边界在哪里 (missing target)",
    "docs/.vitepress/dist/chapters/06-plugin.html -> #练习 (missing target)",
    "docs/.vitepress/dist/chapters/06-rust.html -> #VPContent (missing target)",
    "docs/.vitepress/dist/chapters/06-rust.html -> #_06-循环控制-rust (missing target)",
    "docs/.vitepress/dist/chapters/06-rust.html -> #先看正常的三回合 (missing target)",
    "docs/.vitepress/dist/chapters/06-rust.html -> #两种预算在不同边界生效 (missing target)",
    "docs/.vitepress/dist/chapters/06-rust.html -> #重复动作的身份不包含调用-id (missing target)",
    "docs/.vitepress/dist/chapters/06-rust.html -> #空搜索与模型错误 (missing target)",
    "docs/.vitepress/dist/chapters/06-rust.html -> #取消、future-和资源生命周期 (missing target)",
    "docs/.vitepress/dist/chapters/06-rust.html -> #走读-rust-核心 (missing target)",
    "docs/.vitepress/dist/chapters/06-rust.html -> #练习 (missing target)",
    "docs/.vitepress/dist/chapters/06-rust.html -> #练习-06-1-改变重复阈值 (missing target)",
    "docs/.vitepress/dist/chapters/06-rust.html -> #练习-06-2-改变取消发生点 (missing target)",
    "docs/.vitepress/dist/chapters/06-rust.html -> #练习-06-3-同轮工具预算 (missing target)",
    "docs/.vitepress/dist/chapters/06.html -> #VPContent (missing target)",
    "docs/.vitepress/dist/chapters/06.html -> #_06-循环控制 (missing target)",
    "docs/.vitepress/dist/chapters/06.html -> #从一个正常任务进入循环 (missing target)",
    "docs/.vitepress/dist/chapters/06.html -> #模型回合和工具预算不是一件事 (missing target)",
    "docs/.vitepress/dist/chapters/06.html -> #同义动作要按身份去重 (missing target)",
    "docs/.vitepress/dist/chapters/06.html -> #取消发生在不同生命周期位置 (missing target)",
    "docs/.vitepress/dist/chapters/06.html -> #空搜索与模型错误 (missing target)",
    "docs/.vitepress/dist/chapters/06.html -> #走读实现-检查点必须靠近副作用 (missing target)",
    "docs/.vitepress/dist/chapters/06.html -> #练习 (missing target)",
    "docs/.vitepress/dist/chapters/06.html -> #练习-06-1-把重复阈值改成-2 (missing target)",
    "docs/.vitepress/dist/chapters/06.html -> #练习-06-2-观察取消时机 (missing target)",
    "docs/.vitepress/dist/chapters/06.html -> #练习-06-3-允许同轮两个工具 (missing target)",
    "docs/.vitepress/dist/chapters/07-rust.html -> #VPContent (missing target)",
    "docs/.vitepress/dist/chapters/07-rust.html -> #_07-rust-在循环中管理上下文 (missing target)",
    "docs/.vitepress/dist/chapters/07-rust.html -> #先准备共享案例 (missing target)",
    "docs/.vitepress/dist/chapters/07-rust.html -> #估算单位不是-token (missing target)",
    "docs/.vitepress/dist/chapters/07-rust.html -> #完整历史与发送副本 (missing target)",
    "docs/.vitepress/dist/chapters/07-rust.html -> #managed-与-unmanaged-的对照 (missing target)",
    "docs/.vitepress/dist/chapters/07-rust.html -> #源码中的顺序和失败边界 (missing target)",
    "docs/.vitepress/dist/chapters/07-rust.html -> #失败实验 (missing target)",
    "docs/.vitepress/dist/chapters/07-rust.html -> #练习 (missing target)",
    "docs/.vitepress/dist/chapters/07-rust.html -> #练习-07-1-改变最新事实 (missing target)",
    "docs/.vitepress/dist/chapters/07-rust.html -> #练习-07-2-预算边界-239-238 (missing target)",
    "docs/.vitepress/dist/chapters/07-rust.html -> #练习-07-3-删除一个对应结果 (missing target)",
    "docs/.vitepress/dist/chapters/07.html -> #VPContent (missing target)",
    "docs/.vitepress/dist/chapters/07.html -> #_07-上下文管理 (missing target)",
    "docs/.vitepress/dist/chapters/07.html -> #先让长历史失败 (missing target)",
    "docs/.vitepress/dist/chapters/07.html -> #四个输入对象各自做什么 (missing target)",
    "docs/.vitepress/dist/chapters/07.html -> #用固定单位估算上下文 (missing target)",
    "docs/.vitepress/dist/chapters/07.html -> #只能整组裁剪 (missing target)",
    "docs/.vitepress/dist/chapters/07.html -> #管理后的正常运行 (missing target)",
    "docs/.vitepress/dist/chapters/07.html -> #失败要读停止原因 (missing target)",
    "docs/.vitepress/dist/chapters/07.html -> #从源码回到请求边界 (missing target)",
    "docs/.vitepress/dist/chapters/07.html -> #三个可以改变输入的练习 (missing target)",
    "docs/.vitepress/dist/chapters/07.html -> #练习-07-1-修改最新事实 (missing target)",
    "docs/.vitepress/dist/chapters/07.html -> #练习-07-2-预算卡在边界 (missing target)",
    "docs/.vitepress/dist/chapters/07.html -> #练习-07-3-删除一个结果 (missing target)",
    "docs/.vitepress/dist/chapters/07.html -> #把一次裁剪手算出来 (missing target)",
    "docs/.vitepress/dist/chapters/08.html -> #VPContent (missing target)",
    "docs/.vitepress/dist/chapters/08.html -> #_08-上下文管理方法-四种做法的横向对比 (missing target)",
    "docs/.vitepress/dist/chapters/09.html -> #VPContent (missing target)",
    "docs/.vitepress/dist/chapters/09.html -> #_09-验收条件与验证器 (missing target)",
    "docs/.vitepress/dist/chapters/10.html -> #VPContent (missing target)",
    "docs/.vitepress/dist/chapters/10.html -> #_10-失败反馈与循环工程 (missing target)",
    "docs/.vitepress/dist/chapters/11.html -> #VPContent (missing target)",
    "docs/.vitepress/dist/chapters/11.html -> #_11-防御性编程——ai-的矛与盾 (missing target)",
    "docs/.vitepress/dist/chapters/12.html -> #VPContent (missing target)",
    "docs/.vitepress/dist/chapters/12.html -> #_12-权限管理-把修改变成可审查的差异 (missing target)",
    "docs/.vitepress/dist/chapters/13.html -> #VPContent (missing target)",
    "docs/.vitepress/dist/chapters/13.html -> #_13-计划与任务审查 (missing target)",
    "docs/.vitepress/dist/chapters/14.html -> #VPContent (missing target)",
    "docs/.vitepress/dist/chapters/14.html -> #_14-多智能体协作 (missing target)",
    "docs/.vitepress/dist/chapters/15.html -> #VPContent (missing target)",
    "docs/.vitepress/dist/chapters/15.html -> #_15-外部扩展 (missing target)",
    "docs/.vitepress/dist/chapters/16.html -> #VPContent (missing target)",
    "docs/.vitepress/dist/chapters/16.html -> #_16-垂直领域设计方法论 (missing target)",
    "docs/.vitepress/dist/milestones/01.html -> #VPContent (missing target)",
    "docs/.vitepress/dist/milestones/01.html -> #小结-rein-第一次获得环境信息 (missing target)",
    "docs/.vitepress/dist/milestones/02.html -> #VPContent (missing target)",
    "docs/.vitepress/dist/milestones/02.html -> #阶段性汇总-1-极简-harness (missing target)",
    "docs/.vitepress/dist/milestones/02.html -> #单文件任务 (missing target)",
    "docs/.vitepress/dist/milestones/02.html -> #多文件任务 (missing target)",
    "docs/.vitepress/dist/milestones/02.html -> #停止控制 (missing target)",
    "docs/.vitepress/dist/milestones/02.html -> #失败原因 (missing target)",
    "docs/.vitepress/dist/milestones/02.html -> #综合练习 (missing target)",
    "docs/.vitepress/dist/milestones/03.html -> #VPContent (missing target)",
    "docs/.vitepress/dist/milestones/03.html -> #阶段性汇总-2-一个能够审查修改的编码助手 (missing target)",
    "docs/.vitepress/dist/milestones/04.html -> #VPContent (missing target)",
    "docs/.vitepress/dist/milestones/04.html -> #阶段性汇总-3-完成可以展示与答辩的项目 (missing target)",
    "docs/.vitepress/dist/readings/00-rust.html -> #VPContent (missing target)",
    "docs/.vitepress/dist/readings/00-rust.html -> #阅读-0-基础知识-·-rust-版 (missing target)",
    "docs/.vitepress/dist/readings/00-rust.html -> #setup (missing target)",
    "docs/.vitepress/dist/readings/00-rust.html -> #安装与检查 (missing target)",
    "docs/.vitepress/dist/readings/00-rust.html -> #认出项目里的文件 (missing target)",
    "docs/.vitepress/dist/readings/00-rust.html -> #types (missing target)",
    "docs/.vitepress/dist/readings/00-rust.html -> #ownership (missing target)",
    "docs/.vitepress/dist/readings/00-rust.html -> #errors (missing target)",
    "docs/.vitepress/dist/readings/00-rust.html -> #json (missing target)",
    "docs/.vitepress/dist/readings/00-rust.html -> #errors (missing target)",
    "docs/.vitepress/dist/readings/00-rust.html -> #async (missing target)",
    "docs/.vitepress/dist/readings/00-rust.html -> #source (missing target)",
    "docs/.vitepress/dist/readings/00-rust.html -> #exercises (missing target)",
    "docs/.vitepress/dist/readings/00-rust.html -> #exercise-01 (missing target)",
    "docs/.vitepress/dist/readings/00-rust.html -> #exercise-02 (missing target)",
    "docs/.vitepress/dist/readings/00-rust.html -> #exercise-03 (missing target)",
    "docs/.vitepress/dist/readings/00-rust.html -> #ownership (missing target)",
    "docs/.vitepress/dist/readings/00-rust.html -> #comparison (missing target)",
    "docs/.vitepress/dist/readings/00-ts.html -> #VPContent (missing target)",
    "docs/.vitepress/dist/readings/00-ts.html -> #阅读-0-基础知识-·-typescript-版 (missing target)",
    "docs/.vitepress/dist/readings/00-ts.html -> #setup (missing target)",
    "docs/.vitepress/dist/readings/00-ts.html -> #准备工具 (missing target)",
    "docs/.vitepress/dist/readings/00-ts.html -> #运行与检查 (missing target)",
    "docs/.vitepress/dist/readings/00-ts.html -> #types (missing target)",
    "docs/.vitepress/dist/readings/00-ts.html -> #对象、数组与可选值 (missing target)",
    "docs/.vitepress/dist/readings/00-ts.html -> #json (missing target)",
    "docs/.vitepress/dist/readings/00-ts.html -> #errors (missing target)",
    "docs/.vitepress/dist/readings/00-ts.html -> #async (missing target)",
    "docs/.vitepress/dist/readings/00-ts.html -> #source (missing target)",
    "docs/.vitepress/dist/readings/00-ts.html -> #exercises (missing target)",
    "docs/.vitepress/dist/readings/00-ts.html -> #exercise-01 (missing target)",
    "docs/.vitepress/dist/readings/00-ts.html -> #exercise-02 (missing target)",
    "docs/.vitepress/dist/readings/00-ts.html -> #exercise-03 (missing target)",
    "docs/.vitepress/dist/readings/00-ts.html -> #comparison (missing target)",
    "docs/.vitepress/dist/readings/00.html -> #VPContent (missing target)",
    "docs/.vitepress/dist/readings/00.html -> #阅读-0-基础知识-·-公共导读 (missing target)",
    "docs/.vitepress/dist/readings/00.html -> #self-check (missing target)",
    "docs/.vitepress/dist/readings/00.html -> #terminal (missing target)",
    "docs/.vitepress/dist/readings/00.html -> #http (missing target)",
    "docs/.vitepress/dist/readings/00.html -> #acceptance (missing target)",
    "docs/.vitepress/dist/readings/00.html -> #acceptance (missing target)",
    "docs/.vitepress/dist/readings/00.html -> #comparison (missing target)",
    "docs/.vitepress/dist/readings/00.html -> #terminal (missing target)",
    "docs/.vitepress/dist/readings/00.html -> #http (missing target)",
    "docs/.vitepress/dist/readings/00.html -> #environment (missing target)",
    "docs/.vitepress/dist/readings/00.html -> #git (missing target)",
    "docs/.vitepress/dist/readings/00.html -> #next (missing target)",
    "docs/.vitepress/dist/readings/01.html -> #VPContent (missing target)",
    "docs/.vitepress/dist/readings/01.html -> #阅读材料-1-vibe-coding-方法论 (missing target)",
    "docs/.vitepress/dist/readings/02.html -> #VPContent (missing target)",
    "docs/.vitepress/dist/readings/02.html -> #阅读材料-2-把章节基线保存成可复核的快照 (missing target)",
    "docs/.vitepress/dist/readings/02.html -> #先区分三个对象 (missing target)",
    "docs/.vitepress/dist/readings/02.html -> #从-ch05-快照开始 (missing target)",
    "docs/.vitepress/dist/readings/02.html -> #用清单核对文件 (missing target)",
    "docs/.vitepress/dist/readings/02.html -> #从-pre-ch05-应用相邻补丁 (missing target)",
    "docs/.vitepress/dist/readings/02.html -> #快照与演进树如何一起使用 (missing target)",
    "docs/.vitepress/dist/readings/03.html -> #VPContent (missing target)",
    "docs/.vitepress/dist/readings/03.html -> #阅读材料-3-pi——极简-harness-设计思路 (missing target)",
    "docs/.vitepress/dist/toc.html -> #全书目录 (missing fragment #全书目录)",
    "docs/.vitepress/dist/toc.html -> #第一阶段-让模型完成第一件真实的事 (missing fragment #第一阶段-让模型完成第一件真实的事)",
    "docs/.vitepress/dist/toc.html -> #ch00 (missing fragment #ch00)",
    "docs/.vitepress/dist/toc.html -> #chread0 (missing fragment #chread0)",
    "docs/.vitepress/dist/toc.html -> #ch01 (missing fragment #ch01)",
    "docs/.vitepress/dist/toc.html -> #ch02 (missing fragment #ch02)",
    "docs/.vitepress/dist/toc.html -> #chread1 (missing fragment #chread1)",
    "docs/.vitepress/dist/toc.html -> #ch03 (missing fragment #ch03)",
    "docs/.vitepress/dist/toc.html -> #chsum1 (missing fragment #chsum1)",
    "docs/.vitepress/dist/toc.html -> #第二阶段-让工具调用成为可控的循环 (missing fragment #第二阶段-让工具调用成为可控的循环)",
    "docs/.vitepress/dist/toc.html -> #ch04 (missing fragment #ch04)",
    "docs/.vitepress/dist/toc.html -> #ch05 (missing fragment #ch05)",
    "docs/.vitepress/dist/toc.html -> #ch06 (missing fragment #ch06)",
    "docs/.vitepress/dist/toc.html -> #chread2 (missing fragment #chread2)",
    "docs/.vitepress/dist/toc.html -> #chread3 (missing fragment #chread3)",
    "docs/.vitepress/dist/toc.html -> #chsum2 (missing fragment #chsum2)",
    "docs/.vitepress/dist/toc.html -> #第三阶段-让-agent-做对-并知道自己是否做对 (missing fragment #第三阶段-让-agent-做对-并知道自己是否做对)",
    "docs/.vitepress/dist/toc.html -> #ch07 (missing fragment #ch07)",
    "docs/.vitepress/dist/toc.html -> #ch08 (missing fragment #ch08)",
    "docs/.vitepress/dist/toc.html -> #ch09 (missing fragment #ch09)",
    "docs/.vitepress/dist/toc.html -> #ch10 (missing fragment #ch10)",
    "docs/.vitepress/dist/toc.html -> #ch11 (missing fragment #ch11)",
    "docs/.vitepress/dist/toc.html -> #ch12 (missing fragment #ch12)",
    "docs/.vitepress/dist/toc.html -> #chsum3 (missing fragment #chsum3)",
    "docs/.vitepress/dist/toc.html -> #第四阶段-让-agent-承担更完整的任务 (missing fragment #第四阶段-让-agent-承担更完整的任务)",
    "docs/.vitepress/dist/toc.html -> #ch13 (missing fragment #ch13)",
    "docs/.vitepress/dist/toc.html -> #ch14 (missing fragment #ch14)",
    "docs/.vitepress/dist/toc.html -> #ch15 (missing fragment #ch15)",
    "docs/.vitepress/dist/toc.html -> #ch16 (missing fragment #ch16)",
    "docs/.vitepress/dist/toc.html -> #chsum4 (missing fragment #chsum4)",
    "docs/.vitepress/dist/toc.html -> #附录-实现对照与深入讨论 (missing fragment #附录-实现对照与深入讨论)"
  ],
  "selfTest": {
    "knownvalidpage": true,
    "missingpage": false,
    "validhash": true,
    "missinghash": true,
    "encodedhash": true,
    "relativeURL": true,
    "externalURL": true
  }
}
exit=1
2026-09-15T00:14:04+08:00
