
> @rein/ts@0.0.0 ch06:offline
> node --import tsx examples/ch06-loop.ts tool-zero

{
  "mode": "tool-zero",
  "requests": 1,
  "settledRequests": 1,
  "result": {
    "state": "failed",
    "reason": "tool_budget_exhausted",
    "messages": [
      {
        "role": "user",
        "content": "读取 README.md 与 guide.md"
      },
      {
        "role": "assistant",
        "content": "",
        "toolCalls": [
          {
            "id": "one",
            "name": "read_file",
            "arguments": {
              "path": "README.md"
            }
          },
          {
            "id": "two",
            "name": "read_file",
            "arguments": {
              "path": "guide.md"
            }
          }
        ]
      }
    ],
    "events": [
      {
        "type": "model_requested",
        "turn": 1,
        "messages": [
          {
            "role": "user",
            "content": "读取 README.md 与 guide.md"
          }
        ],
        "tools": [
          {
            "name": "search_files",
            "description": "Search text in workspace files.",
            "inputSchema": {
              "type": "object",
              "properties": {
                "needle": {
                  "type": "string"
                }
              },
              "required": [
                "needle"
              ],
              "additionalProperties": false
            }
          },
          {
            "name": "read_file",
            "description": "Read one UTF-8 file in the workspace.",
            "inputSchema": {
              "type": "object",
              "properties": {
                "path": {
                  "type": "string"
                }
              },
              "required": [
                "path"
              ],
              "additionalProperties": false
            }
          }
        ]
      },
      {
        "type": "model_received",
        "turn": 1,
        "message": {
          "role": "assistant",
          "content": "",
          "toolCalls": [
            {
              "id": "one",
              "name": "read_file",
              "arguments": {
                "path": "README.md"
              }
            },
            {
              "id": "two",
              "name": "read_file",
              "arguments": {
                "path": "guide.md"
              }
            }
          ]
        },
        "toolCallIds": [
          "one",
          "two"
        ],
        "text": ""
      },
      {
        "type": "action_skipped",
        "turn": 1,
        "action": "tool",
        "callId": "one",
        "reason": "tool_budget_exhausted"
      },
      {
        "type": "action_skipped",
        "turn": 1,
        "action": "tool",
        "callId": "two",
        "reason": "tool_budget_exhausted"
      },
      {
        "type": "stopped",
        "state": "failed",
        "reason": "tool_budget_exhausted"
      }
    ]
  }
}
