warning: unused variable: `workspace`
   --> src/rein/loop.rs:326:5
    |
326 |     workspace: &Workspace,
    |     ^^^^^^^^^ help: if this is intentional, prefix it with an underscore: `_workspace`
    |
    = note: `#[warn(unused_variables)]` (part of `#[warn(unused)]`) on by default

warning: `rein-ch01-helloworld` (lib) generated 1 warning (run `cargo fix --lib -p rein-ch01-helloworld` to apply 1 suggestion)
    Finished `test` profile [unoptimized + debuginfo] target(s) in 0.21s
     Running tests/stdio_host.rs (/private/tmp/rein-hybrid-target/debug/deps/stdio_host-a1a48f56b31380c9)

running 12 tests
test predispatched_calls_have_no_child ... ok
test disconnect_after_effect_records_one_ledger_line_and_is_unknown ... ok
test fault_host_normal_control_reaches_fixture_final ... ok
test zero_tool_budget_never_starts_host ... ok
test cancellation_wait_is_observed_after_started ... ok
test production_host_reads_real_file_and_reaches_fixture_final ... ok

thread 'crash_modes_have_no_followup_model_call' (40807958) panicked at tests/stdio_host.rs:276:9:
assertion `left == right` failed: crash_after_invoke
  left: 2
 right: 1
note: run with `RUST_BACKTRACE=1` environment variable to display a backtrace
test crash_modes_have_no_followup_model_call ... FAILED
test evidence_and_stale_target_faults_are_unknown ... ok
test ignored_cancel_becomes_unknown ... ok
test malformed_and_identity_faults_stop_without_second_model_call ... ok
test cancel_ack_variants_are_classified_after_started ... ok
test bounded_host_failures_are_reaped ... ok

failures:

failures:
    crash_modes_have_no_followup_model_call

test result: FAILED. 11 passed; 1 failed; 0 ignored; 0 measured; 0 filtered out; finished in 7.17s

error: test failed, to rerun pass `--test stdio_host`
