warning: unused variable: `workspace`
   --> src/rein/loop.rs:326:5
    |
326 |     workspace: &Workspace,
    |     ^^^^^^^^^ help: if this is intentional, prefix it with an underscore: `_workspace`
    |
    = note: `#[warn(unused_variables)]` (part of `#[warn(unused)]`) on by default

warning: field `max_message_bytes` is never read
   --> src/rein/stdio_executor.rs:144:5
    |
122 | struct Wire {
    |        ---- field in this struct
...
144 |     max_message_bytes: Option<usize>,
    |     ^^^^^^^^^^^^^^^^^
    |
    = note: `#[warn(dead_code)]` (part of `#[warn(unused)]`) on by default

warning: `rein-ch01-helloworld` (lib) generated 2 warnings (run `cargo fix --lib -p rein-ch01-helloworld` to apply 1 suggestion)
    Finished `test` profile [unoptimized + debuginfo] target(s) in 0.18s
     Running tests/stdio_host.rs (/private/tmp/rein-hybrid-target/debug/deps/stdio_host-a1a48f56b31380c9)
