{
  "state": "Completed",
  "reason": "FinalAnswer",
  "answer": "多文件摘要：# 前置 workspace fixture\n\n该目录只作为 `read_file` 与 `search_files` 的离线根目录；测试不得读取根目录之外的文件。\n\nmarker: 第一份文档用于验证多文件读取。 | marker: 第二份文档用于验证多文件读取。",
  "messages": [
    {
      "role": "user",
      "content": "先搜索 marker:，再读取命中的两个文件"
    },
    {
      "role": "assistant",
      "content": "",
      "toolCalls": [
        {
          "id": "search-1",
          "name": "search_files",
          "arguments": {
            "needle": "marker:"
          }
        }
      ]
    },
    {
      "role": "tool",
      "content": "README.md\nnotes.md",
      "toolCallId": "search-1"
    },
    {
      "role": "assistant",
      "content": "",
      "toolCalls": [
        {
          "id": "read-1",
          "name": "read_file",
          "arguments": {
            "path": "README.md"
          }
        },
        {
          "id": "read-2",
          "name": "read_file",
          "arguments": {
            "path": "notes.md"
          }
        }
      ]
    },
    {
      "role": "tool",
      "content": "# 前置 workspace fixture\n\n该目录只作为 `read_file` 与 `search_files` 的离线根目录；测试不得读取根目录之外的文件。\n\nmarker: 第一份文档用于验证多文件读取。\n",
      "toolCallId": "read-1"
    },
    {
      "role": "tool",
      "content": "marker: 第二份文档用于验证多文件读取。\n",
      "toolCallId": "read-2"
    },
    {
      "role": "assistant",
      "content": "多文件摘要：# 前置 workspace fixture\n\n该目录只作为 `read_file` 与 `search_files` 的离线根目录；测试不得读取根目录之外的文件。\n\nmarker: 第一份文档用于验证多文件读取。 | marker: 第二份文档用于验证多文件读取。"
    }
  ],
  "events": [
    {
      "type": "model_requested",
      "turn": 1,
      "messages": [
        {
          "role": "user",
          "content": "先搜索 marker:，再读取命中的两个文件"
        }
      ],
      "tools": [
        {
          "name": "search_files",
          "description": "Search text in workspace files.",
          "inputSchema": {
            "additionalProperties": false,
            "properties": {
              "needle": {
                "type": "string"
              }
            },
            "required": [
              "needle"
            ],
            "type": "object"
          }
        },
        {
          "name": "read_file",
          "description": "Read one UTF-8 file in the workspace.",
          "inputSchema": {
            "additionalProperties": false,
            "properties": {
              "path": {
                "type": "string"
              }
            },
            "required": [
              "path"
            ],
            "type": "object"
          }
        }
      ]
    },
    {
      "type": "model_received",
      "turn": 1,
      "message": {
        "role": "assistant",
        "content": "",
        "toolCalls": [
          {
            "id": "search-1",
            "name": "search_files",
            "arguments": {
              "needle": "marker:"
            }
          }
        ]
      },
      "toolCallIds": [
        "search-1"
      ],
      "text": ""
    },
    {
      "type": "tool_result",
      "turn": 1,
      "call": {
        "id": "search-1",
        "name": "search_files",
        "arguments": {
          "needle": "marker:"
        }
      },
      "toolCallId": "search-1",
      "result": {
        "toolCallId": "search-1",
        "ok": true,
        "output": "README.md\nnotes.md"
      }
    },
    {
      "type": "model_requested",
      "turn": 2,
      "messages": [
        {
          "role": "user",
          "content": "先搜索 marker:，再读取命中的两个文件"
        },
        {
          "role": "assistant",
          "content": "",
          "toolCalls": [
            {
              "id": "search-1",
              "name": "search_files",
              "arguments": {
                "needle": "marker:"
              }
            }
          ]
        },
        {
          "role": "tool",
          "content": "README.md\nnotes.md",
          "toolCallId": "search-1"
        }
      ],
      "tools": [
        {
          "name": "search_files",
          "description": "Search text in workspace files.",
          "inputSchema": {
            "additionalProperties": false,
            "properties": {
              "needle": {
                "type": "string"
              }
            },
            "required": [
              "needle"
            ],
            "type": "object"
          }
        },
        {
          "name": "read_file",
          "description": "Read one UTF-8 file in the workspace.",
          "inputSchema": {
            "additionalProperties": false,
            "properties": {
              "path": {
                "type": "string"
              }
            },
            "required": [
              "path"
            ],
            "type": "object"
          }
        }
      ]
    },
    {
      "type": "model_received",
      "turn": 2,
      "message": {
        "role": "assistant",
        "content": "",
        "toolCalls": [
          {
            "id": "read-1",
            "name": "read_file",
            "arguments": {
              "path": "README.md"
            }
          },
          {
            "id": "read-2",
            "name": "read_file",
            "arguments": {
              "path": "notes.md"
            }
          }
        ]
      },
      "toolCallIds": [
        "read-1",
        "read-2"
      ],
      "text": ""
    },
    {
      "type": "tool_result",
      "turn": 2,
      "call": {
        "id": "read-1",
        "name": "read_file",
        "arguments": {
          "path": "README.md"
        }
      },
      "toolCallId": "read-1",
      "result": {
        "toolCallId": "read-1",
        "ok": true,
        "output": "# 前置 workspace fixture\n\n该目录只作为 `read_file` 与 `search_files` 的离线根目录；测试不得读取根目录之外的文件。\n\nmarker: 第一份文档用于验证多文件读取。\n"
      }
    },
    {
      "type": "tool_result",
      "turn": 2,
      "call": {
        "id": "read-2",
        "name": "read_file",
        "arguments": {
          "path": "notes.md"
        }
      },
      "toolCallId": "read-2",
      "result": {
        "toolCallId": "read-2",
        "ok": true,
        "output": "marker: 第二份文档用于验证多文件读取。\n"
      }
    },
    {
      "type": "model_requested",
      "turn": 3,
      "messages": [
        {
          "role": "user",
          "content": "先搜索 marker:，再读取命中的两个文件"
        },
        {
          "role": "assistant",
          "content": "",
          "toolCalls": [
            {
              "id": "search-1",
              "name": "search_files",
              "arguments": {
                "needle": "marker:"
              }
            }
          ]
        },
        {
          "role": "tool",
          "content": "README.md\nnotes.md",
          "toolCallId": "search-1"
        },
        {
          "role": "assistant",
          "content": "",
          "toolCalls": [
            {
              "id": "read-1",
              "name": "read_file",
              "arguments": {
                "path": "README.md"
              }
            },
            {
              "id": "read-2",
              "name": "read_file",
              "arguments": {
                "path": "notes.md"
              }
            }
          ]
        },
        {
          "role": "tool",
          "content": "# 前置 workspace fixture\n\n该目录只作为 `read_file` 与 `search_files` 的离线根目录；测试不得读取根目录之外的文件。\n\nmarker: 第一份文档用于验证多文件读取。\n",
          "toolCallId": "read-1"
        },
        {
          "role": "tool",
          "content": "marker: 第二份文档用于验证多文件读取。\n",
          "toolCallId": "read-2"
        }
      ],
      "tools": [
        {
          "name": "search_files",
          "description": "Search text in workspace files.",
          "inputSchema": {
            "additionalProperties": false,
            "properties": {
              "needle": {
                "type": "string"
              }
            },
            "required": [
              "needle"
            ],
            "type": "object"
          }
        },
        {
          "name": "read_file",
          "description": "Read one UTF-8 file in the workspace.",
          "inputSchema": {
            "additionalProperties": false,
            "properties": {
              "path": {
                "type": "string"
              }
            },
            "required": [
              "path"
            ],
            "type": "object"
          }
        }
      ]
    },
    {
      "type": "model_received",
      "turn": 3,
      "message": {
        "role": "assistant",
        "content": "多文件摘要：# 前置 workspace fixture\n\n该目录只作为 `read_file` 与 `search_files` 的离线根目录；测试不得读取根目录之外的文件。\n\nmarker: 第一份文档用于验证多文件读取。 | marker: 第二份文档用于验证多文件读取。"
      },
      "toolCallIds": [],
      "text": "多文件摘要：# 前置 workspace fixture\n\n该目录只作为 `read_file` 与 `search_files` 的离线根目录；测试不得读取根目录之外的文件。\n\nmarker: 第一份文档用于验证多文件读取。 | marker: 第二份文档用于验证多文件读取。"
    },
    {
      "type": "stopped",
      "state": "Completed",
      "reason": "FinalAnswer"
    }
  ]
}
