
> @rein/ts@0.0.0 ch06:offline
> node --import tsx examples/ch06-loop.ts normal /private/tmp/rein-ch06-final-workspace.QJrzjJ

{
  "mode": "normal",
  "requests": 3,
  "settledRequests": 3,
  "result": {
    "state": "completed",
    "reason": "final_answer",
    "answer": "完成：marker: ch06 alpha | marker: ch06 beta | marker: ch06 gamma",
    "messages": [
      {
        "role": "user",
        "content": "读取 README.md 与 guide.md"
      },
      {
        "role": "assistant",
        "content": "",
        "toolCalls": [
          {
            "id": "search-1",
            "name": "search_files",
            "arguments": {
              "needle": "marker: ch06"
            }
          }
        ]
      },
      {
        "role": "tool",
        "toolCallId": "search-1",
        "content": "a.md\nb.md\nc.md"
      },
      {
        "role": "assistant",
        "content": "",
        "toolCalls": [
          {
            "id": "read-1",
            "name": "read_file",
            "arguments": {
              "path": "a.md"
            }
          },
          {
            "id": "read-2",
            "name": "read_file",
            "arguments": {
              "path": "b.md"
            }
          },
          {
            "id": "read-3",
            "name": "read_file",
            "arguments": {
              "path": "c.md"
            }
          }
        ]
      },
      {
        "role": "tool",
        "toolCallId": "read-1",
        "content": "marker: ch06 alpha\n"
      },
      {
        "role": "tool",
        "toolCallId": "read-2",
        "content": "marker: ch06 beta\n"
      },
      {
        "role": "tool",
        "toolCallId": "read-3",
        "content": "marker: ch06 gamma\n"
      },
      {
        "role": "assistant",
        "content": "完成：marker: ch06 alpha | marker: ch06 beta | marker: ch06 gamma",
        "toolCalls": []
      }
    ],
    "events": [
      {
        "type": "model_requested",
        "turn": 1,
        "messages": [
          {
            "role": "user",
            "content": "读取 README.md 与 guide.md"
          }
        ],
        "tools": [
          {
            "name": "search_files",
            "description": "Search text in workspace files.",
            "inputSchema": {
              "type": "object",
              "properties": {
                "needle": {
                  "type": "string"
                }
              },
              "required": [
                "needle"
              ],
              "additionalProperties": false
            }
          },
          {
            "name": "read_file",
            "description": "Read one UTF-8 file in the workspace.",
            "inputSchema": {
              "type": "object",
              "properties": {
                "path": {
                  "type": "string"
                }
              },
              "required": [
                "path"
              ],
              "additionalProperties": false
            }
          }
        ]
      },
      {
        "type": "model_received",
        "turn": 1,
        "message": {
          "role": "assistant",
          "content": "",
          "toolCalls": [
            {
              "id": "search-1",
              "name": "search_files",
              "arguments": {
                "needle": "marker: ch06"
              }
            }
          ]
        },
        "toolCallIds": [
          "search-1"
        ],
        "text": ""
      },
      {
        "type": "tool_result",
        "turn": 1,
        "call": {
          "id": "search-1",
          "name": "search_files",
          "arguments": {
            "needle": "marker: ch06"
          }
        },
        "toolCallId": "search-1",
        "result": {
          "toolCallId": "search-1",
          "ok": true,
          "output": "a.md\nb.md\nc.md"
        }
      },
      {
        "type": "model_requested",
        "turn": 2,
        "messages": [
          {
            "role": "user",
            "content": "读取 README.md 与 guide.md"
          },
          {
            "role": "assistant",
            "content": "",
            "toolCalls": [
              {
                "id": "search-1",
                "name": "search_files",
                "arguments": {
                  "needle": "marker: ch06"
                }
              }
            ]
          },
          {
            "role": "tool",
            "toolCallId": "search-1",
            "content": "a.md\nb.md\nc.md"
          }
        ],
        "tools": [
          {
            "name": "search_files",
            "description": "Search text in workspace files.",
            "inputSchema": {
              "type": "object",
              "properties": {
                "needle": {
                  "type": "string"
                }
              },
              "required": [
                "needle"
              ],
              "additionalProperties": false
            }
          },
          {
            "name": "read_file",
            "description": "Read one UTF-8 file in the workspace.",
            "inputSchema": {
              "type": "object",
              "properties": {
                "path": {
                  "type": "string"
                }
              },
              "required": [
                "path"
              ],
              "additionalProperties": false
            }
          }
        ]
      },
      {
        "type": "model_received",
        "turn": 2,
        "message": {
          "role": "assistant",
          "content": "",
          "toolCalls": [
            {
              "id": "read-1",
              "name": "read_file",
              "arguments": {
                "path": "a.md"
              }
            },
            {
              "id": "read-2",
              "name": "read_file",
              "arguments": {
                "path": "b.md"
              }
            },
            {
              "id": "read-3",
              "name": "read_file",
              "arguments": {
                "path": "c.md"
              }
            }
          ]
        },
        "toolCallIds": [
          "read-1",
          "read-2",
          "read-3"
        ],
        "text": ""
      },
      {
        "type": "tool_result",
        "turn": 2,
        "call": {
          "id": "read-1",
          "name": "read_file",
          "arguments": {
            "path": "a.md"
          }
        },
        "toolCallId": "read-1",
        "result": {
          "toolCallId": "read-1",
          "ok": true,
          "output": "marker: ch06 alpha\n"
        }
      },
      {
        "type": "tool_result",
        "turn": 2,
        "call": {
          "id": "read-2",
          "name": "read_file",
          "arguments": {
            "path": "b.md"
          }
        },
        "toolCallId": "read-2",
        "result": {
          "toolCallId": "read-2",
          "ok": true,
          "output": "marker: ch06 beta\n"
        }
      },
      {
        "type": "tool_result",
        "turn": 2,
        "call": {
          "id": "read-3",
          "name": "read_file",
          "arguments": {
            "path": "c.md"
          }
        },
        "toolCallId": "read-3",
        "result": {
          "toolCallId": "read-3",
          "ok": true,
          "output": "marker: ch06 gamma\n"
        }
      },
      {
        "type": "model_requested",
        "turn": 3,
        "messages": [
          {
            "role": "user",
            "content": "读取 README.md 与 guide.md"
          },
          {
            "role": "assistant",
            "content": "",
            "toolCalls": [
              {
                "id": "search-1",
                "name": "search_files",
                "arguments": {
                  "needle": "marker: ch06"
                }
              }
            ]
          },
          {
            "role": "tool",
            "toolCallId": "search-1",
            "content": "a.md\nb.md\nc.md"
          },
          {
            "role": "assistant",
            "content": "",
            "toolCalls": [
              {
                "id": "read-1",
                "name": "read_file",
                "arguments": {
                  "path": "a.md"
                }
              },
              {
                "id": "read-2",
                "name": "read_file",
                "arguments": {
                  "path": "b.md"
                }
              },
              {
                "id": "read-3",
                "name": "read_file",
                "arguments": {
                  "path": "c.md"
                }
              }
            ]
          },
          {
            "role": "tool",
            "toolCallId": "read-1",
            "content": "marker: ch06 alpha\n"
          },
          {
            "role": "tool",
            "toolCallId": "read-2",
            "content": "marker: ch06 beta\n"
          },
          {
            "role": "tool",
            "toolCallId": "read-3",
            "content": "marker: ch06 gamma\n"
          }
        ],
        "tools": [
          {
            "name": "search_files",
            "description": "Search text in workspace files.",
            "inputSchema": {
              "type": "object",
              "properties": {
                "needle": {
                  "type": "string"
                }
              },
              "required": [
                "needle"
              ],
              "additionalProperties": false
            }
          },
          {
            "name": "read_file",
            "description": "Read one UTF-8 file in the workspace.",
            "inputSchema": {
              "type": "object",
              "properties": {
                "path": {
                  "type": "string"
                }
              },
              "required": [
                "path"
              ],
              "additionalProperties": false
            }
          }
        ]
      },
      {
        "type": "model_received",
        "turn": 3,
        "message": {
          "role": "assistant",
          "content": "完成：marker: ch06 alpha | marker: ch06 beta | marker: ch06 gamma",
          "toolCalls": []
        },
        "toolCallIds": [],
        "text": "完成：marker: ch06 alpha | marker: ch06 beta | marker: ch06 gamma"
      },
      {
        "type": "stopped",
        "state": "completed",
        "reason": "final_answer"
      }
    ]
  }
}
